files/177.csv
id,week,center_id,meal_id,checkout_price,base_price,emailer_for_promotion,homepage_featured,num_orders
1491274,1,177,1445,658.63,660.63,0,0,54
1448724,2,177,1445,658.63,660.63,0,0,53
1019705,3,177,1445,660.63,660.63,0,0,26
1212873,4,177,1445,659.63,658.63,0,0,28
1273918,5,177,1445,513.16,659.63,1,0,108
1444454,6,177,1445,484.03,658.63,0,0,95
1000987,7,177,1445,660.63,658.63,0,0,26
1203870,8,177,1445,660.63,660.63,0,0,14
1059902,9,177,1445,437.53,660.63,1,0,458
1213100,10,177,1445,437.53,660.63,1,0,177
1270965,11,177,1445,437.53,659.63,1,0,296
1431293,12,177,1445,596.61,594.61,0,0,95
1251403,13,177,1445,707.13,707.13,0,0,26
1361353,15,177,1445,660.63,660.63,0,0,41
1363416,16,177,1445,660.63,659.63,0,0,81
1353560,17,177,1445,660.63,658.63,0,0,27
1207716,18,177,1445,675.12,675.12,0,0,41
1440553,19,177,1445,659.63,660.63,0,0,26
1339181,20,177,1445,659.63,658.63,0,0,26
1078687,21,177,1445,708.13,709.13,0,0,15
1259777,22,177,1445,659.63,659.63,0,0,13
1457348,23,177,1445,659.63,660.63,0,0,28
1329447,24,177,1445,658.63,659.63,0,0,15
1154366,25,177,1445,533.53,659.63,0,0,69
1205229,27,177,1445,532.53,659.63,0,0,15
1188117,28,177,1445,564.54,660.63,0,0,55
1425396,29,177,1445,660.63,658.63,0,0,28
1226111,31,177,1445,659.63,658.63,0,0,41
1375414,32,177,1445,707.13,707.13,0,0,81
1432498,33,177,1445,486.03,709.13,1,0,27
1247849,34,177,1445,484.03,707.13,0,0,13
1405107,37,177,1445,631.53,708.13,0,0,15
1315122,38,177,1445,631.53,708.13,0,0,27
1408978,39,177,1445,631.53,707.13,0,0,26
1363479,40,177,1445,484.03,708.13,1,0,54
1350970,41,177,1445,485.03,709.13,0,0,95
1430599,42,177,1445,630.53,709.13,0,0,40
1049099,44,177,1445,631.53,629.53,0,0,68
1011488,45,177,1445,631.53,631.53,0,0,15
1051881,46,177,1445,630.53,630.53,0,0,55
1156820,47,177,1445,631.53,631.53,0,0,26
1365385,49,177,1445,629.53,630.53,0,0,15
1366622,51,177,1445,681.94,682.94,0,0,42
1443182,52,177,1445,387.03,681.94,1,0,352
1212891,53,177,1445,387.03,680.94,1,0,121
1497154,54,177,1445,629.53,629.53,0,0,14
1161615,55,177,1445,629.53,629.53,0,0,13
1480318,56,177,1445,631.53,631.53,0,0,14
1490254,57,177,1445,630.53,630.53,0,0,28
1306304,58,177,1445,630.53,630.53,0,0,28
1147115,59,177,1445,630.53,630.53,0,0,14
1065682,60,177,1445,485.03,629.53,1,0,149
1279452,61,177,1445,629.53,630.53,0,0,14
1142167,63,177,1445,629.53,629.53,0,0,42
1112876,64,177,1445,629.53,631.53,0,0,14
1336449,65,177,1445,486.03,631.53,1,0,121
1322134,68,177,1445,630.53,631.53,0,0,55
1469016,69,177,1445,484.03,631.53,1,0,202
1236623,70,177,1445,486.03,629.53,1,0,67
1188440,71,177,1445,583.03,583.03,0,0,41
1081403,72,177,1445,630.53,631.53,0,0,27
1480716,73,177,1445,629.53,631.53,0,0,14
1399136,74,177,1445,668.33,668.33,0,0,55
1004199,76,177,1445,670.33,670.33,0,0,27
1004545,77,177,1445,513.13,669.33,0,0,13
1410417,79,177,1445,514.13,669.33,0,0,13
1043967,80,177,1445,515.13,669.33,0,0,41
1297951,82,177,1445,631.53,629.53,0,0,28
1274073,83,177,1445,670.33,669.33,0,0,27
1327319,86,177,1445,707.13,707.13,0,0,14
1228955,90,177,1445,504.43,707.13,1,0,55
1436650,91,177,1445,465.6,709.13,1,0,121
1018352,92,177,1445,707.13,708.13,0,0,41
1123311,93,177,1445,708.13,708.13,0,0,28
1084886,94,177,1445,437.53,707.13,1,0,203
1489477,95,177,1445,435.53,709.13,1,0,96
1258084,97,177,1445,708.13,707.13,0,0,15
1330005,98,177,1445,708.13,709.13,0,0,41
1124158,99,177,1445,707.13,708.13,0,0,28
1151135,100,177,1445,436.53,708.13,1,0,162
1142288,101,177,1445,437.53,708.13,0,0,95
1286720,102,177,1445,708.13,707.13,0,0,14
1158933,103,177,1445,708.13,707.13,0,0,40
1243639,105,177,1445,709.13,708.13,0,0,15
1277022,106,177,1445,484.03,707.13,1,0,121
1191477,107,177,1445,486.03,709.13,1,0,68
1011883,109,177,1445,708.13,708.13,0,0,80
1033293,110,177,1445,420.04,708.13,1,0,121
1298094,111,177,1445,708.13,707.13,0,0,13
1251857,112,177,1445,707.13,707.13,0,0,15
1365076,117,177,1445,726.53,727.53,0,0,28
1350924,118,177,1445,727.53,726.53,0,0,27
1116257,119,177,1445,727.53,726.53,0,0,55
1285867,120,177,1445,728.53,728.53,0,0,14
1212532,121,177,1445,726.53,728.53,0,0,55
1140304,122,177,1445,468.54,726.53,1,1,203
1057611,123,177,1445,451.05,726.53,1,0,243
1152422,124,177,1445,726.53,726.53,0,0,13
1405328,125,177,1445,727.53,727.53,0,0,14
1463429,126,177,1445,728.53,728.53,0,0,13
1159262,130,177,1445,765.33,765.33,0,0,14
1365025,133,177,1445,486.03,766.33,1,0,80
1461900,134,177,1445,484.03,765.33,1,1,68
1193514,135,177,1445,766.33,767.33,0,0,14
1383793,136,177,1445,765.33,766.33,0,0,14
1167301,137,177,1445,767.33,767.33,0,0,14
1438324,139,177,1445,727.53,727.53,0,0,28
1324194,140,177,1445,728.53,726.53,0,0,28
1336279,142,177,1445,728.53,727.53,0,0,15
1245520,143,177,1445,601.4,728.53,0,1,96
1043156,144,177,1445,583.03,728.53,1,1,95
1348583,145,177,1445,727.53,727.53,0,0,42
1024082,1,177,2760,231.83,232.83,0,0,26
1479957,2,177,2760,233.83,232.83,0,0,54
1070774,3,177,2760,232.83,233.83,0,0,68
1091742,4,177,2760,232.83,231.83,0,0,55
1264001,5,177,2760,233.83,233.83,0,0,14
1122923,6,177,2760,233.83,231.83,0,0,122
1172437,7,177,2760,232.83,232.83,0,0,96
1175041,8,177,2760,233.83,233.83,0,0,68
1223510,9,177,2760,231.83,231.83,0,0,13
1308675,17,177,2760,233.83,233.83,0,0,27
1063551,18,177,2760,231.83,233.83,0,0,42
1184104,19,177,2760,231.83,233.83,0,0,40
1254075,20,177,2760,232.83,233.83,0,0,54
1118878,21,177,2760,231.83,231.83,0,0,28
1168455,22,177,2760,232.83,232.83,0,0,134
1466265,23,177,2760,232.83,232.83,0,0,42
1029011,24,177,2760,233.83,233.83,0,0,40
1123389,28,177,2760,232.83,231.83,0,0,27
1180449,29,177,2760,233.83,231.83,0,0,40
1387320,30,177,2760,232.83,232.83,0,0,14
1121739,31,177,2760,231.83,232.83,0,0,69
1065683,32,177,2760,232.83,231.83,0,0,27
1178564,33,177,2760,233.83,232.83,0,0,26
1260872,35,177,2760,233.83,232.83,0,0,40
1400676,36,177,2760,231.83,233.83,0,0,42
1240744,37,177,2760,233.83,233.83,0,0,69
1366671,38,177,2760,231.83,233.83,0,0,42
1495537,39,177,2760,174.63,233.83,0,0,81
1080788,40,177,2760,188.18,231.83,0,0,53
1412250,41,177,2760,175.63,233.83,0,0,96
1288805,42,177,2760,174.63,231.83,0,0,121
1393858,43,177,2760,223.13,222.13,0,0,81
1472453,45,177,2760,220.19,222.19,0,0,69
1259039,46,177,2760,173.63,222.19,0,0,54
1286144,47,177,2760,173.63,221.19,0,0,69
1289305,48,177,2760,175.63,221.19,0,0,175
1473034,49,177,2760,174.63,222.19,0,0,148
1091049,50,177,2760,173.63,221.19,0,0,162
1234201,51,177,2760,195.94,222.19,0,0,41
1189795,52,177,2760,187.21,187.21,0,0,67
1104807,53,177,2760,190.12,190.12,0,0,67
1254218,54,177,2760,195,196,0,0,41
1495122,55,177,2760,196,194,0,0,54
1273150,56,177,2760,203.76,201.76,0,0,80
1472396,57,177,2760,228.98,227.98,0,0,135
1199612,58,177,2760,236.74,235.74,0,0,95
1421818,59,177,2760,194,236.74,0,0,109
1242476,60,177,2760,196,235.74,0,0,161
1102078,61,177,2760,195,236.74,0,0,107
1100662,62,177,2760,194,235.74,0,0,14
1233841,63,177,2760,242.53,242.53,0,0,54
1038948,64,177,2760,241.53,242.53,0,0,121
1162009,65,177,2760,243.53,242.53,0,0,13
1060905,66,177,2760,196,242.53,0,0,96
1475460,67,177,2760,196,243.53,0,0,27
1418881,68,177,2760,194,241.53,0,0,81
1287450,69,177,2760,196,243.53,0,0,41
1102607,70,177,2760,242.53,241.53,0,0,53
1305691,71,177,2760,243.53,242.53,0,0,15
1276123,72,177,2760,243.53,242.53,0,0,41
1213270,73,177,2760,242.53,243.53,0,0,27
1476656,74,177,2760,243.53,241.53,0,0,41
1133699,75,177,2760,242.53,243.53,0,0,80
1412895,76,177,2760,228.01,226.01,0,0,42
1004061,77,177,2760,207.64,205.64,0,0,53
1001344,78,177,2760,196,195,0,0,54
1153859,79,177,2760,194,195,0,0,53
1494841,80,177,2760,195,194,0,0,14
1390913,81,177,2760,241.53,241.53,0,0,54
1358347,83,177,2760,243.53,241.53,0,0,14
1411129,84,177,2760,212.43,242.53,0,0,135
1219440,85,177,2760,213.43,241.53,0,0,108
1498431,87,177,2760,242.53,241.53,0,0,67
1322145,88,177,2760,241.53,241.53,0,0,27
1118202,89,177,2760,243.53,242.53,0,0,42
1187557,90,177,2760,242.53,241.53,0,0,80
1404808,91,177,2760,243.53,243.53,0,0,41
1278021,92,177,2760,243.53,243.53,0,0,14
1391308,93,177,2760,243.53,243.53,0,0,28
1410450,94,177,2760,241.53,242.53,0,0,69
1345164,96,177,2760,243.53,241.53,0,0,40
1325268,97,177,2760,243.53,243.53,0,0,15
1426317,98,177,2760,243.53,241.53,0,0,13
1144998,99,177,2760,231.83,233.83,0,0,13
1459179,100,177,2760,231.83,231.83,0,0,40
1177298,101,177,2760,232.83,232.83,0,0,54
1120263,102,177,2760,233.83,233.83,0,0,41
1441188,103,177,2760,233.83,232.83,0,0,28
1011632,104,177,2760,232.83,231.83,0,0,41
1248402,105,177,2760,242.53,242.53,0,0,13
1178282,106,177,2760,242.53,243.53,0,0,55
1046849,107,177,2760,242.53,242.53,0,0,15
1092112,108,177,2760,243.53,243.53,0,0,15
1499523,109,177,2760,241.53,243.53,0,0,14
1030587,110,177,2760,243.53,242.53,0,0,27
1491905,111,177,2760,241.53,243.53,0,0,13
1297850,112,177,2760,243.53,241.53,0,0,27
1275744,113,177,2760,242.53,243.53,0,0,26
1366648,114,177,2760,242.53,241.53,0,0,14
1416443,115,177,2760,243.53,241.53,0,0,94
1216534,116,177,2760,243.53,243.53,0,0,41
1210857,117,177,2760,241.53,243.53,0,0,68
1324510,118,177,2760,242.53,242.53,0,0,68
1271970,119,177,2760,200.79,242.53,0,0,81
1280094,120,177,2760,193.03,243.53,0,0,82
1277196,121,177,2760,260.93,262.93,0,0,26
1002631,122,177,2760,262.93,261.93,0,0,107
1250296,123,177,2760,262.93,262.93,0,0,41
1050149,124,177,2760,260.93,260.93,0,0,82
1204145,125,177,2760,261.93,262.93,0,0,54
1495830,126,177,2760,262.93,262.93,0,0,68
1262491,127,177,2760,262.93,260.93,0,0,40
1339211,128,177,2760,195.03,261.93,0,0,55
1101253,129,177,2760,193.03,262.93,0,0,28
1222759,130,177,2760,195.03,262.93,0,0,69
1118738,131,177,2760,261.93,261.93,0,0,15
1401626,132,177,2760,262.93,262.93,0,0,80
1257315,133,177,2760,260.93,261.93,0,0,13
1451725,134,177,2760,261.93,262.93,0,0,15
1083607,135,177,2760,261.93,260.93,0,0,68
1021375,136,177,2760,261.93,262.93,0,0,69
1052961,138,177,2760,261.93,262.93,0,0,55
1422215,139,177,2760,262.93,261.93,0,0,27
1107957,140,177,2760,262.93,261.93,0,0,54
1141708,141,177,2760,260.93,261.93,0,0,69
1410623,142,177,2760,262.93,262.93,0,0,15
1238345,143,177,2760,261.93,261.93,0,0,27
1314447,144,177,2760,182.36,262.93,0,0,41
1456899,145,177,2760,182.36,262.93,0,0,40
1122554,1,177,1525,242.5,242.5,0,0,53
1402699,2,177,1525,243.5,243.5,0,0,42
1093584,3,177,1525,243.5,242.5,0,0,96
1253850,6,177,1525,282.33,281.33,0,0,68
1376131,7,177,1525,281.33,280.33,0,0,81
1059788,8,177,1525,282.33,280.33,0,0,53
1369384,9,177,1525,282.33,281.33,0,0,54
1040662,10,177,1525,241.53,282.33,0,0,136
1196376,11,177,1525,245.41,282.33,0,1,123
1089540,12,177,1525,242.53,280.33,0,0,68
1106771,13,177,1525,281.33,280.33,0,0,80
1419452,14,177,1525,281.33,282.33,0,0,109
1304933,15,177,1525,281.33,280.33,0,0,41
1173470,16,177,1525,280.33,280.33,0,0,27
1232095,17,177,1525,281.33,282.33,0,0,96
1015309,18,177,1525,280.33,281.33,0,0,148
1195301,19,177,1525,282.33,282.33,0,0,69
1085245,20,177,1525,282.33,281.33,0,0,69
1248419,21,177,1525,274.51,274.51,0,0,96
1453257,22,177,1525,242.5,274.51,0,0,136
1099883,23,177,1525,246.41,275.51,0,1,203
1467532,25,177,1525,261.9,274.51,0,1,67
1053045,26,177,1525,292.03,291.03,0,0,40
1181619,27,177,1525,292.03,290.03,0,0,95
1098135,28,177,1525,241.53,292.03,1,0,135
1061288,29,177,1525,241.53,291.03,0,0,68
1134372,30,177,1525,242.53,292.03,0,0,55
1205814,31,177,1525,291.03,292.03,0,0,54
1171288,32,177,1525,291.03,290.03,0,0,53
1343899,33,177,1525,291.03,292.03,0,0,42
1138192,34,177,1525,259.02,291.03,0,0,40
1304192,35,177,1525,242.5,291.03,0,0,42
1182029,39,177,1525,292.03,291.03,0,0,14
1213011,40,177,1525,290.03,291.03,0,0,13
1148877,41,177,1525,290.03,291.03,0,0,26
1302182,42,177,1525,292.03,291.03,0,0,27
1371954,43,177,1525,243.53,292.03,1,1,42
1291477,44,177,1525,243.53,290.03,1,1,40
1457827,45,177,1525,241.53,290.03,0,0,80
1031865,46,177,1525,290.03,290.03,0,0,55
1240505,47,177,1525,292.03,292.03,0,0,14
1281321,48,177,1525,242.53,292.03,0,0,53
1435303,49,177,1525,241.53,290.03,0,0,69
1052159,50,177,1525,290.03,292.03,0,0,15
1078074,51,177,1525,242.53,291.03,0,0,80
1238783,53,177,1525,243.53,292.03,0,0,14
1008461,55,177,1525,290.03,292.03,0,0,109
1166956,56,177,1525,241.53,292.03,1,1,95
1258269,57,177,1525,243.53,291.03,0,0,108
1172787,58,177,1525,243.53,292.03,0,0,68
1248749,59,177,1525,292.03,292.03,0,0,27
1117778,60,177,1525,291.03,292.03,0,0,108
1100962,61,177,1525,290.03,292.03,0,0,26
1428909,63,177,1525,241.53,292.03,1,1,68
1458156,64,177,1525,241.53,291.03,1,1,107
1324909,65,177,1525,241.53,292.03,0,1,95
1344846,66,177,1525,290.03,290.03,0,0,13
1132562,67,177,1525,290.03,290.03,0,0,42
1402580,68,177,1525,290.03,291.03,0,0,26
1013695,69,177,1525,292.03,290.03,0,0,42
1445988,70,177,1525,290.03,291.03,0,0,69
1184247,71,177,1525,292.03,291.03,0,0,41
1384392,72,177,1525,290.03,291.03,0,0,69
1403377,73,177,1525,244.5,290.03,0,0,54
1309612,74,177,1525,242.5,291.03,0,0,42
1251863,75,177,1525,242.5,291.03,0,0,68
1435415,76,177,1525,242.5,291.03,0,0,40
1287394,77,177,1525,243.5,292.03,0,0,13
1431192,79,177,1525,290.03,291.03,0,0,14
1223315,80,177,1525,243.53,290.03,0,1,149
1293565,81,177,1525,242.53,292.03,1,1,163
1488169,82,177,1525,243.53,292.03,0,0,42
1250307,84,177,1525,291.03,290.03,0,0,28
1412691,85,177,1525,242.5,291.03,0,0,55
1088637,86,177,1525,242.5,291.03,0,0,26
1394529,87,177,1525,243.5,292.03,1,0,82
1322605,88,177,1525,243.5,290.03,0,1,81
1010085,89,177,1525,291.03,292.03,0,1,53
1252363,90,177,1525,292.03,291.03,0,0,69
1318203,91,177,1525,291.03,290.03,0,1,80
1030538,92,177,1525,292.03,291.03,0,0,13
1279738,93,177,1525,290.03,291.03,0,0,68
1207774,94,177,1525,290.03,291.03,0,0,41
1493314,95,177,1525,292.03,291.03,0,0,40
1313660,96,177,1525,243.53,291.03,0,0,40
1233963,97,177,1525,241.53,292.03,0,1,40
1302469,98,177,1525,241.53,292.03,0,0,26
1460438,99,177,1525,290.03,290.03,0,1,15
1270953,100,177,1525,292.03,292.03,0,1,55
1086705,101,177,1525,291.03,292.03,0,0,28
1443095,102,177,1525,291.03,291.03,0,0,81
1296844,103,177,1525,278.39,278.39,0,0,67
1051103,104,177,1525,260.93,262.93,0,0,27
1327997,105,177,1525,261.93,262.93,0,0,54
1345320,106,177,1525,262.93,260.93,0,1,121
1434866,108,177,1525,262.93,262.93,0,1,109
1295526,109,177,1525,241.53,241.53,0,0,68
1320549,110,177,1525,256.14,243.53,0,1,54
1221490,111,177,1525,242.53,243.53,0,1,26
1110911,112,177,1525,243.53,241.53,0,1,53
1348604,113,177,1525,253.23,242.53,0,1,69
1138633,114,177,1525,242.53,241.53,0,1,69
1083147,115,177,1525,290.03,241.53,0,1,27
1003770,116,177,1525,290.03,241.53,0,1,13
1331841,117,177,1525,292.03,241.53,0,1,27
1143925,118,177,1525,291.03,243.53,0,1,28
1033350,119,177,1525,291.03,291.03,0,0,41
1350700,120,177,1525,292.03,291.03,0,0,13
1312355,121,177,1525,256.14,291.03,0,0,53
1036254,122,177,1525,243.53,290.03,0,1,42
1329989,123,177,1525,217.28,292.03,0,1,28
1082106,124,177,1525,320.13,321.13,0,0,42
1322000,126,177,1525,320.13,319.13,0,0,15
1168345,127,177,1525,320.13,319.13,0,0,40
1456572,128,177,1525,321.13,319.13,0,0,42
1408998,129,177,1525,319.13,319.13,0,0,68
1194961,130,177,1525,321.13,320.13,0,0,15
1268939,131,177,1525,260.93,321.13,0,0,28
1228139,132,177,1525,254.14,320.13,0,1,94
1403500,133,177,1525,254.17,320.13,0,1,82
1075529,134,177,1525,320.13,319.13,0,1,40
1233594,136,177,1525,320.13,319.13,0,1,28
1408153,137,177,1525,256.11,319.13,0,0,122
1312830,138,177,1525,264.84,319.13,0,1,42
1090529,139,177,1525,278.42,321.13,0,0,94
1145811,140,177,1525,321.13,320.13,0,0,81
1354377,141,177,1525,321.13,321.13,0,0,42
1469706,142,177,1525,319.13,319.13,0,0,27
1230500,143,177,1525,321.13,320.13,0,0,28
1070493,144,177,1525,321.13,320.13,0,0,26
1418793,145,177,1525,320.13,321.13,0,0,53
